// Jest Snapshot v1, https://goo.gl/fbAQLP

exports[`App component matches snapshot 1`] = `
Array [
  <header
    className="header"
  >
    <nav>
      <ul>
        <li>
          <a
            aria-current="page"
            className="active-link"
            href="/home"
            onClick={[Function]}
            style={Object {}}
          >
            Home
          </a>
        </li>
        <li>
          <a
            aria-current={null}
            href="/about"
            onClick={[Function]}
          >
            About
          </a>
        </li>
      </ul>
    </nav>
  </header>,
  <div
    className="app-wrapper"
  >
    <div>
      <div
        className="search"
      >
        <form
          action="GET"
          className="search-form"
          onSubmit={[Function]}
        >
          <label
            className="search-label"
            data-testid="search"
            htmlFor="search"
          >
            Search
          </label>
          <input
            className="search-input"
            id="search"
            onChange={[Function]}
            placeholder="Search-bar"
            title="Search-bar"
            type="text"
          />
          <button
            aria-label="search"
            className="search-btn"
            disabled={true}
            type="submit"
          />
        </form>
      </div>
    </div>
  </div>,
]
`;
